Starting a Gradle Daemon, 1 incompatible and 6 stopped Daemons could not be reused, use --status for details
Calculating task graph as configuration cache cannot be reused because file 'gradle\libs.versions.toml' has changed.

> Configure project :app
w: file:///C:/Users/Carlos/Desktop/food/app/build.gradle.kts:18:5: 'packagingOptions(Packaging.() -> Unit): Unit' is deprecated. Renamed to packaging
ksp-1.9.25-1.0.20 is too new for kotlin-1.9.0. Please upgrade kotlin-gradle-plugin to 1.9.25.
ksp-1.9.25-1.0.20 is too new for kotlin-1.9.0. Please upgrade kotlin-gradle-plugin to 1.9.25.
ksp-1.9.25-1.0.20 is too new for kotlin-1.9.0. Please upgrade kotlin-gradle-plugin to 1.9.25.
ksp-1.9.25-1.0.20 is too new for kotlin-1.9.0. Please upgrade kotlin-gradle-plugin to 1.9.25.
ksp-1.9.25-1.0.20 is too new for kotlin-1.9.0. Please upgrade kotlin-gradle-plugin to 1.9.25.
ksp-1.9.25-1.0.20 is too new for kotlin-1.9.0. Please upgrade kotlin-gradle-plugin to 1.9.25.
ksp-1.9.25-1.0.20 is too new for kotlin-1.9.0. Please upgrade kotlin-gradle-plugin to 1.9.25.
ksp-1.9.25-1.0.20 is too new for kotlin-1.9.0. Please upgrade kotlin-gradle-plugin to 1.9.25.
ksp-1.9.25-1.0.20 is too new for kotlin-1.9.0. Please upgrade kotlin-gradle-plugin to 1.9.25.
ksp-1.9.25-1.0.20 is too new for kotlin-1.9.0. Please upgrade kotlin-gradle-plugin to 1.9.25.

> Task :app:preBuild UP-TO-DATE
> Task :app:preDebugBuild UP-TO-DATE
> Task :app:mergeDebugNativeDebugMetadata NO-SOURCE
> Task :app:dataBindingTriggerDebug
> Task :app:createDebugCompatibleScreenManifests
> Task :app:generateDebugResValues
> Task :app:desugarDebugFileDependencies
> Task :app:mergeDebugStartupProfile
> Task :app:mergeDebugJniLibFolders
> Task :app:javaPreCompileDebug
> Task :app:validateSigningDebug
> Task :app:writeDebugAppMetadata
> Task :app:writeDebugSigningConfigVersions
> Task :app:processDebugGoogleServices
> Task :app:dataBindingMergeDependencyArtifactsDebug
> Task :app:checkDebugAarMetadata
> Task :app:mergeDebugShaders
> Task :app:checkDebugDuplicateClasses
> Task :app:generateDebugResources
> Task :app:compileDebugShaders NO-SOURCE
> Task :app:generateDebugAssets UP-TO-DATE
> Task :app:mergeDebugNativeLibs NO-SOURCE
> Task :app:stripDebugDebugSymbols NO-SOURCE
> Task :app:mergeDebugAssets
> Task :app:compressDebugAssets
> Task :app:mergeExtDexDebug
> Task :app:mergeLibDexDebug
> Task :app:mapDebugSourceSetPaths
> Task :app:mergeDebugResources
> Task :app:packageDebugResources
> Task :app:extractDeepLinksDebug
> Task :app:parseDebugLocalResources
> Task :app:processDebugMainManifest
